[preview.colorlib.com/theme/timezone/index.html]
[backblue.gif]
[fade.gif]
[index.html]
[preview.colorlib.com/theme/timezone/site.webmanifest]
[preview.colorlib.com/theme/timezone/assets/img/favicon.ico]
[preview.colorlib.com/theme/timezone/assets/css/bootstrap.min.css]
[preview.colorlib.com/theme/timezone/assets/css/owl.carousel.min.css]
[preview.colorlib.com/theme/timezone/assets/css/flaticon.css]
[preview.colorlib.com/theme/timezone/assets/css/slicknav.css]
[preview.colorlib.com/theme/timezone/assets/css/animate.min.css]
[preview.colorlib.com/theme/timezone/assets/css/magnific-popup.css]
[preview.colorlib.com/theme/timezone/assets/css/fontawesome-all.min.css]
[preview.colorlib.com/theme/timezone/assets/css/themify-icons.css]
[preview.colorlib.com/theme/timezone/assets/css/slick.css]
[preview.colorlib.com/theme/timezone/assets/css/nice-select.css]
[preview.colorlib.com/theme/timezone/assets/css/style.css]
[preview.colorlib.com/theme/timezone/assets/img/logo/logo.png]
[preview.colorlib.com/theme/timezone/index-2.html]
[preview.colorlib.com/theme/timezone/shop.html]
[preview.colorlib.com/theme/timezone/about.html]
[preview.colorlib.com/theme/timezone/product_details.html]
[preview.colorlib.com/theme/timezone/blog.html]
[preview.colorlib.com/theme/timezone/blog-details.html]
[preview.colorlib.com/theme/timezone/login.html]
[preview.colorlib.com/theme/timezone/cart.html]
[preview.colorlib.com/theme/timezone/elements.html]
[preview.colorlib.com/theme/timezone/confirmation.html]
[preview.colorlib.com/theme/timezone/checkout.html]
[preview.colorlib.com/theme/timezone/contact.html]
[preview.colorlib.com/theme/timezone/industries.html]
[preview.colorlib.com/theme/timezone/assets/img/hero/watch.png]
[preview.colorlib.com/theme/timezone/assets/img/gallery/new_product1.png]
[preview.colorlib.com/theme/timezone/assets/img/gallery/new_product2.png]
[preview.colorlib.com/theme/timezone/assets/img/gallery/new_product3.png]
[preview.colorlib.com/theme/timezone/assets/img/gallery/gallery1.png]
[preview.colorlib.com/theme/timezone/assets/img/gallery/gallery2.png]
[preview.colorlib.com/theme/timezone/assets/img/gallery/gallery3.png]
[preview.colorlib.com/theme/timezone/assets/img/gallery/gallery4.png]
[preview.colorlib.com/theme/timezone/assets/img/gallery/popular1.png]
[preview.colorlib.com/theme/timezone/assets/img/gallery/popular2.png]
[preview.colorlib.com/theme/timezone/assets/img/gallery/popular3.png]
[preview.colorlib.com/theme/timezone/assets/img/gallery/popular4.png]
[preview.colorlib.com/theme/timezone/assets/img/gallery/popular5.png]
[preview.colorlib.com/theme/timezone/assets/img/gallery/popular6.png]
[preview.colorlib.com/theme/timezone/catagori.html]
[preview.colorlib.com/theme/timezone/assets/img/gallery/choce_watch1.png]
[preview.colorlib.com/theme/timezone/assets/img/gallery/choce_watch2.png]
[preview.colorlib.com/theme/timezone/assets/img/logo/logo2_footer.png]
[preview.colorlib.com/theme/timezone/assets/js/vendor/modernizr-3.5.0.min.js]
[preview.colorlib.com/theme/timezone/assets/js/vendor/jquery-1.12.4.min.js]
[preview.colorlib.com/theme/timezone/assets/js/popper.min.js]
[preview.colorlib.com/theme/timezone/assets/js/bootstrap.min.js]
[preview.colorlib.com/theme/timezone/assets/js/jquery.slicknav.min.js]
[preview.colorlib.com/theme/timezone/assets/js/owl.carousel.min.js]
[preview.colorlib.com/theme/timezone/assets/js/slick.min.js]
[preview.colorlib.com/theme/timezone/assets/js/wow.min.js]
[preview.colorlib.com/theme/timezone/assets/js/animated.headline.js]
[preview.colorlib.com/theme/timezone/assets/js/jquery.magnific-popup.js]
[preview.colorlib.com/theme/timezone/assets/js/jquery.scrollUp.min.js]
[preview.colorlib.com/theme/timezone/assets/js/jquery.nice-select.min.js]
[preview.colorlib.com/theme/timezone/assets/js/jquery.sticky.js]
[preview.colorlib.com/theme/timezone/assets/js/contact.js]
[preview.colorlib.com/theme/timezone/assets/js/jquery.form.js]
[preview.colorlib.com/theme/timezone/assets/js/jquery.validate.min.js]
[preview.colorlib.com/theme/timezone/assets/js/mail-script.js]
[preview.colorlib.com/theme/timezone/assets/js/jquery.ajaxchimp.min.js]
[preview.colorlib.com/theme/timezone/assets/js/plugins.js]
[preview.colorlib.com/theme/timezone/assets/js/main.js]
[preview.colorlib.com/theme/timezone/index.html]
[preview.colorlib.com/theme/timezone/site.html]
[preview.colorlib.com/theme/timezone/assets/css/bootstrap.min.css]
[preview.colorlib.com/theme/timezone/assets/css/owl.video.play.png]
[preview.colorlib.com/theme/timezone/assets/css/owl.carousel.min.css]
[preview.colorlib.com/theme/timezone/assets/fonts/Flaticon.eot]
[preview.colorlib.com/theme/timezone/assets/fonts/Flaticond41d.eot]
[preview.colorlib.com/theme/timezone/assets/fonts/Flaticon.woff2]
[preview.colorlib.com/theme/timezone/assets/fonts/Flaticon.woff]
[preview.colorlib.com/theme/timezone/assets/fonts/Flaticon.ttf]
[preview.colorlib.com/theme/timezone/assets/css/flaticon.css]
[preview.colorlib.com/theme/timezone/assets/css/slicknav.css]
[preview.colorlib.com/theme/timezone/assets/css/animate.min.css]
[preview.colorlib.com/theme/timezone/assets/css/magnific-popup.css]
[preview.colorlib.com/theme/timezone/assets/fonts/Flaticon.svg]
[preview.colorlib.com/theme/timezone/assets/fonts/fa-brands-400.eot]
[preview.colorlib.com/theme/timezone/assets/fonts/fa-brands-400d41d.eot]
[preview.colorlib.com/theme/timezone/assets/fonts/fa-brands-400.woff2]
[preview.colorlib.com/theme/timezone/assets/fonts/fa-brands-400.woff]
[preview.colorlib.com/theme/timezone/assets/fonts/fa-brands-400.ttf]
[preview.colorlib.com/theme/timezone/assets/fonts/fa-regular-400.eot]
[preview.colorlib.com/theme/timezone/assets/fonts/fa-brands-400.svg]
[preview.colorlib.com/theme/timezone/assets/fonts/fa-regular-400d41d.eot]
[preview.colorlib.com/theme/timezone/assets/fonts/fa-regular-400.woff2]
[preview.colorlib.com/theme/timezone/assets/fonts/fa-regular-400.woff]
[preview.colorlib.com/theme/timezone/assets/fonts/fa-regular-400.ttf]
[preview.colorlib.com/theme/timezone/assets/fonts/fa-regular-400.svg]
[preview.colorlib.com/theme/timezone/assets/fonts/fa-solid-900.eot]
[preview.colorlib.com/theme/timezone/assets/fonts/fa-solid-900d41d.eot]
[preview.colorlib.com/theme/timezone/assets/fonts/fa-solid-900.woff2]
[preview.colorlib.com/theme/timezone/assets/fonts/fa-solid-900.woff]
[preview.colorlib.com/theme/timezone/assets/fonts/fa-solid-900.ttf]
[preview.colorlib.com/theme/timezone/assets/css/fontawesome-all.min.css]
[preview.colorlib.com/theme/timezone/assets/fonts/themify9f24.eot]
[preview.colorlib.com/theme/timezone/assets/fonts/themifyd41d.eot]
[preview.colorlib.com/theme/timezone/assets/fonts/fa-solid-900.svg]
[preview.colorlib.com/theme/timezone/assets/fonts/themify9f24.woff]
[preview.colorlib.com/theme/timezone/assets/fonts/themify9f24.ttf]
[preview.colorlib.com/theme/timezone/assets/css/themify-icons.css]
[preview.colorlib.com/theme/timezone/assets/css/slick.css]
[preview.colorlib.com/theme/timezone/assets/css/nice-select.css]
[preview.colorlib.com/theme/timezone/assets/img/hero/about_hero.png]
[preview.colorlib.com/theme/timezone/assets/fonts/themify9f24.svg]
[preview.colorlib.com/theme/timezone/assets/img/gallery/sectin_bg1.png]
[preview.colorlib.com/theme/timezone/assets/css/style.css]
[preview.colorlib.com/cdn-cgi/zaraz/sd0d9.js]
[preview.colorlib.com/theme/timezone/index-2.html]
[preview.colorlib.com/theme/timezone/shop.html]
[preview.colorlib.com/theme/timezone/about.html]
[preview.colorlib.com/theme/timezone/assets/img/gallery/gallery01.png]
[preview.colorlib.com/theme/timezone/assets/js/swiper.min.js]
[preview.colorlib.com/theme/timezone/assets/js/mixitup.min.js]
[preview.colorlib.com/theme/timezone/assets/js/jquery.counterup.min.js]
[preview.colorlib.com/theme/timezone/assets/js/waypoints.min.js]
[preview.colorlib.com/theme/timezone/product_details.html]
[preview.colorlib.com/theme/timezone/assets/img/blog/single_blog_1.png]
[preview.colorlib.com/theme/timezone/single-blog.html]
[preview.colorlib.com/theme/timezone/assets/img/blog/single_blog_2.png]
[preview.colorlib.com/theme/timezone/assets/img/blog/single_blog_3.png]
[preview.colorlib.com/theme/timezone/assets/img/blog/single_blog_4.png]
[preview.colorlib.com/theme/timezone/assets/img/blog/single_blog_5.png]
[preview.colorlib.com/theme/timezone/assets/img/post/post_1.png]
[preview.colorlib.com/theme/timezone/assets/img/post/post_2.png]
[preview.colorlib.com/theme/timezone/assets/img/post/post_3.png]
[preview.colorlib.com/theme/timezone/assets/img/post/post_4.png]
[preview.colorlib.com/theme/timezone/assets/img/post/post_5.png]
[preview.colorlib.com/theme/timezone/assets/img/post/post_6.png]
[preview.colorlib.com/theme/timezone/assets/img/post/post_7.png]
[preview.colorlib.com/theme/timezone/assets/img/post/post_8.png]
[preview.colorlib.com/theme/timezone/assets/img/post/post_9.png]
[preview.colorlib.com/theme/timezone/assets/img/post/post_10.png]
[preview.colorlib.com/theme/timezone/blog.html]
[preview.colorlib.com/theme/timezone/assets/img/post/preview.png]
[preview.colorlib.com/theme/timezone/assets/img/post/next.png]
[preview.colorlib.com/theme/timezone/assets/img/blog/author.png]
[preview.colorlib.com/theme/timezone/assets/img/comment/comment_1.png]
[preview.colorlib.com/theme/timezone/assets/img/comment/comment_2.png]
[preview.colorlib.com/theme/timezone/assets/img/comment/comment_3.png]
[preview.colorlib.com/theme/timezone/assets/js/gijgo.min.js]
[preview.colorlib.com/theme/timezone/blog-details.html]
[preview.colorlib.com/theme/timezone/login.html]
[preview.colorlib.com/theme/timezone/assets/img/gallery/card1.png]
[preview.colorlib.com/theme/timezone/assets/img/gallery/card2.png]
[preview.colorlib.com/theme/timezone/cart.html]
[preview.colorlib.com/theme/timezone/assets/img/elements/d.jpg]
[preview.colorlib.com/theme/timezone/assets/img/elements/f1.jpg]
[preview.colorlib.com/theme/timezone/assets/img/elements/f2.jpg]
[preview.colorlib.com/theme/timezone/assets/img/elements/f3.jpg]
[preview.colorlib.com/theme/timezone/assets/img/elements/f4.jpg]
[preview.colorlib.com/theme/timezone/assets/img/elements/f5.jpg]
[preview.colorlib.com/theme/timezone/assets/img/elements/f6.jpg]
[preview.colorlib.com/theme/timezone/assets/img/elements/f7.jpg]
[preview.colorlib.com/theme/timezone/assets/img/elements/f8.jpg]
[preview.colorlib.com/theme/timezone/assets/img/elements/g1.jpg]
[preview.colorlib.com/theme/timezone/assets/img/elements/g2.jpg]
[preview.colorlib.com/theme/timezone/assets/img/elements/g3.jpg]
[preview.colorlib.com/theme/timezone/assets/img/elements/g4.jpg]
[preview.colorlib.com/theme/timezone/assets/img/elements/g5.jpg]
[preview.colorlib.com/theme/timezone/assets/img/elements/g6.jpg]
[preview.colorlib.com/theme/timezone/assets/img/elements/g7.jpg]
[preview.colorlib.com/theme/timezone/assets/img/elements/g8.jpg]
[preview.colorlib.com/theme/timezone/elements.html]
[preview.colorlib.com/theme/timezone/confirmation.html]
[preview.colorlib.com/theme/timezone/img/product/single-product/card.jpg]
[preview.colorlib.com/theme/timezone/checkout.html]
[preview.colorlib.com/theme/timezone/_https_/maps.gstatic.com/mapfiles/openhand_8_8.cur_]
[maps.gstatic.com/mapfiles/api-3/images/google_white5.png]
[preview.colorlib.com/theme/timezone/contact.html]
[preview.colorlib.com/theme/timezone/industries.html]
[preview.colorlib.com/theme/timezone/catagori.html]
[preview.colorlib.com/theme/timezone/assets/css/owl.video.play.html]
[preview.colorlib.com/theme/timezone/assets/fonts/Flaticon.svg]
[preview.colorlib.com/theme/timezone/assets/fonts/fa-brands-400.svg]
[preview.colorlib.com/theme/timezone/assets/fonts/fa-regular-400.svg]
[preview.colorlib.com/cdn-cgi/scripts/5c5dd728/cloudflare-static/email-decode.min.js]
[preview.colorlib.com/theme/timezone/assets/fonts/fa-solid-900.svg]
[preview.colorlib.com/theme/timezone/assets/fonts/themify9f24.svg]
[preview.colorlib.com/theme/timezone/single-blog.html]
[preview.colorlib.com/theme/timezone/assets/js/gijgo.min.html]
[preview.colorlib.com/theme/timezone/img/product/single-product/card.html]
[preview.colorlib.com/theme/timezone/_https_/maps.gstatic.com/mapfiles/openhand_8_8.html]
